export const snapshot = {};

snapshot[`jsr > has pkg @std/bytes@1.0.6 1`] = `"f6ac6adbd8ccd99314045f5703e23af0a68d7f7e58364b47d2c7f408aeb5820a"`;

snapshot[`jsr > has pkg @std/encoding@1.0.10 1`] = `"8783c6384a2d13abd5e9e87a7ae0520a30e9f56aeeaa3bdf910a3eaaf5c811a1"`;

snapshot[`jsr > has pkg @hono/hono@4.9.0 1`] = `"49df671bca96af6ab7899ea5ec1f4776b43c4cf864e472affe847bed3bb6b9a1"`;

snapshot[`jsr > has pkg @hono/standard-validator@0.1.4 1`] = `"91dec5fa213b549f9b4215ec4314b3caae23691258070ee436e32e553ea44b79"`;

snapshot[`jsr > has pkg @scure/base@1.2.6 1`] = `"24f115a886d67bfb869ade2c1ada041bfe7f69c677c9ee3725d1ed38ad2d4ac1"`;

snapshot[`jsr > has pkg @noble/ed25519@2.2.3 1`] = `"77d984ee6b823c8b1a4a36aa56105d60e696a4e7b599b821712d1251481e2f9c"`;
